[REMOVIDO] 
[NOVO/ALTERADO] 15f316ec7514f84a21a53f527401a80d3958fde89f0b9b7886675b7a82eb4a11  /var/www/shell/readme.txt
[REMOVIDO] 
[REMOVIDO] 
[NOVO/ALTERADO] b15dea41721c398af385cbf567108a38a43abd54c041f836029be0d942ec5ef2  /var/www/shell/seguranca/hashes_anterior.txt
[NOVO/ALTERADO] e252d149edacb65b0ca18a8df1d4a6b9107da3502eff7fe39e2826541b0d69d8  /var/www/shell/seguranca/hashes_atual.txt
[NOVO/ALTERADO] 0b9b06e5990a8f41aa6f4e5746ce373efd75f28396c31a2c7c9c6ceacaf5e0bb  /var/www/shell/seguranca/integridade_v3.sh
[NOVO/ALTERADO] e3b0c44298fc1c149afbf4c8996fb92427ae41e4649b934ca495991b7852b855  /var/www/shell/seguranca/novo2.txt
[NOVO/ALTERADO] 44992fe8098435b1fb55b8e8c946faf0f231fb05d426d20e3e8c1d5e64680bb2  /var/www/shell/seguranca/um.txt
[NOVO/ALTERADO] 44992fe8098435b1fb55b8e8c946faf0f231fb05d426d20e3e8c1d5e64680bb2  /var/www/shell/seguranca/dois.txt
[REMOVIDO] 
[REMOVIDO] 
[NOVO/ALTERADO] 1f33116c1a8a5d6a9d2a7e1d20ea95294fd557c60adc0534ec7434a688639a77  /var/www/shell/seguranca/hashes_anterior.txt
[NOVO/ALTERADO] a5a9c42106d6b33ddb8ae156bcb85e2c26911a01bfc5e0acc1ffacfc9e478b58  /var/www/shell/seguranca/hashes_atual.txt
[NOVO/ALTERADO] e3b0c44298fc1c149afbf4c8996fb92427ae41e4649b934ca495991b7852b855  /var/www/shell/seguranca/novo4.txt
[NOVO/ALTERADO] a966ac9d2eae0b253154721e111e3c7c41c0f1dd7192e9e76c4a80d8823b3e68  /var/www/shell/seguranca/seg_v2.log
[REMOVIDO] 1f9c18d5e8817b5b0e3c412a2f2796bc4db7ab574849b07f64550d5b89bb64c3  /var/www/shell/seguranca/hashes_anterior.txt
[REMOVIDO] e9cdf904286498394576d07d4ffe248a999373de931cf0c638ef7dbc0a2f42ae  /var/www/shell/seguranca/hashes_atual.txt
[NOVO/ALTERADO] 48a1e7a2a5fbd127e9fb7bea2e1037460898b34d5ada3e5ca64a11921f8d245e  /var/www/shell/seguranca/hashes_anterior.txt
[NOVO/ALTERADO] 25a129d680b550f128c36b1da47773c7651626d3a7106fc2b481fbb270b0163b  /var/www/shell/seguranca/hashes_atual.txt
[REMOVIDO] 9c8681cbe2e4cc42eff8592084c2badfc70f4f4a629c1614d84194c3ec2be530  /var/www/shell/seguranca/integridade_v3.sh
[NOVO/ALTERADO] db5f7b2c9968ea70185facb3e430338b07832e3afd80f9febfdfb48a2a4609aa  /var/www/shell/seguranca/integridade_v3.sh
[REMOVIDO] 48a1e7a2a5fbd127e9fb7bea2e1037460898b34d5ada3e5ca64a11921f8d245e  /var/www/shell/seguranca/hashes_anterior.txt
[REMOVIDO] 25a129d680b550f128c36b1da47773c7651626d3a7106fc2b481fbb270b0163b  /var/www/shell/seguranca/hashes_atual.txt
[NOVO/ALTERADO] 8ec5b806922bd2f130682d21073e6441c38de9361d7c0f9e1f6987338b0f8dfe  /var/www/shell/seguranca/hashes_anterior.txt
[NOVO/ALTERADO] 270f2feb39971317a93aac9dd9be1dd40c37a29489d9c4e8da59bdc116a09cda  /var/www/shell/seguranca/hashes_atual.txt
[REMOVIDO] e3b0c44298fc1c149afbf4c8996fb92427ae41e4649b934ca495991b7852b855  /var/www/shell/seguranca/novo4.txt
[NOVO/ALTERADO] e3b0c44298fc1c149afbf4c8996fb92427ae41e4649b934ca495991b7852b855  /var/www/shell/seguranca/novo8.txt
[NOVO/ALTERADO] 44992fe8098435b1fb55b8e8c946faf0f231fb05d426d20e3e8c1d5e64680bb2  /var/www/shell/seguranca/oito.txt
[REMOVIDO] 9890c66ed41dd0b877f3fb9b5e4fffc40949ff1375977a53729eba86d8c338e3  /var/www/shell/seguranca/seg_v2.log
[NOVO/ALTERADO] 91a5643236d7bdda19be6fc87b4074b09d04c38eb48458479ee2c37d4ea4235a  /var/www/shell/seguranca/seg_v2.log
[REMOVIDO] 8ec5b806922bd2f130682d21073e6441c38de9361d7c0f9e1f6987338b0f8dfe  /var/www/shell/seguranca/hashes_anterior.txt
[REMOVIDO] 270f2feb39971317a93aac9dd9be1dd40c37a29489d9c4e8da59bdc116a09cda  /var/www/shell/seguranca/hashes_atual.txt
[NOVO/ALTERADO] 9fbb52bd25d2bfe6a5869cd8cc2106d964ec4aac95e4c8784f37a1c8baa09174  /var/www/shell/seguranca/hashes_anterior.txt
[NOVO/ALTERADO] 04775b108c18f3e4cee5b7022c0145d2f2b25d88e522e23d0ccaec822e92e9f5  /var/www/shell/seguranca/hashes_atual.txt
[REMOVIDO] db5f7b2c9968ea70185facb3e430338b07832e3afd80f9febfdfb48a2a4609aa  /var/www/shell/seguranca/integridade_v3.sh
[NOVO/ALTERADO] 2cd4cde8dab9a3cc88f64362ba6426883dc5839496202f2b588c7a7ba6c1c066  /var/www/shell/seguranca/integridade_v3.sh
[REMOVIDO] 91a5643236d7bdda19be6fc87b4074b09d04c38eb48458479ee2c37d4ea4235a  /var/www/shell/seguranca/seg_v2.log
[NOVO/ALTERADO] 445dad3905399159f4a20d21a58565e4493d9cf44d12e41199a3341c6a337f3f  /var/www/shell/seguranca/seg_v2.log
[REMOVIDO] 9fbb52bd25d2bfe6a5869cd8cc2106d964ec4aac95e4c8784f37a1c8baa09174  /var/www/shell/seguranca/hashes_anterior.txt
[REMOVIDO] 04775b108c18f3e4cee5b7022c0145d2f2b25d88e522e23d0ccaec822e92e9f5  /var/www/shell/seguranca/hashes_atual.txt
[NOVO/ALTERADO] 5e198e92ff6f0e1a40e007627b8e89ca2626219230a11b2af86d2a195667bce7  /var/www/shell/seguranca/hashes_anterior.txt
[NOVO/ALTERADO] 9174f68103b1b48df7c75ed739601def8f9d1a316f78b2c30e665cd5a8a04d03  /var/www/shell/seguranca/hashes_atual.txt
[REMOVIDO] 2cd4cde8dab9a3cc88f64362ba6426883dc5839496202f2b588c7a7ba6c1c066  /var/www/shell/seguranca/integridade_v3.sh
[NOVO/ALTERADO] c2865d57caa3c2d6dbee920d0d40bf05326f914837ef6028a3e63bf214407254  /var/www/shell/seguranca/integridade_v3.sh
[REMOVIDO] 445dad3905399159f4a20d21a58565e4493d9cf44d12e41199a3341c6a337f3f  /var/www/shell/seguranca/seg_v2.log
[NOVO/ALTERADO] 7f176e4b3384da79a743650cc6095cf9f1ae7d08bbdf58f5f991affc323a3f7b  /var/www/shell/seguranca/seg_v2.log
[REMOVIDO] 5e198e92ff6f0e1a40e007627b8e89ca2626219230a11b2af86d2a195667bce7  /var/www/shell/seguranca/hashes_anterior.txt
[REMOVIDO] 9174f68103b1b48df7c75ed739601def8f9d1a316f78b2c30e665cd5a8a04d03  /var/www/shell/seguranca/hashes_atual.txt
[NOVO/ALTERADO] 3fd4b7fe1c2e1d00f53cd4193251dc9d3bed8e54165ac920d823ebc74f4efc0b  /var/www/shell/seguranca/hashes_anterior.txt
[NOVO/ALTERADO] 3be54dd992acd6b1cd114f5efea3b4279f94c6f2d9fefc7259f74b4c6c463fa6  /var/www/shell/seguranca/hashes_atual.txt
[REMOVIDO] c2865d57caa3c2d6dbee920d0d40bf05326f914837ef6028a3e63bf214407254  /var/www/shell/seguranca/integridade_v3.sh
[NOVO/ALTERADO] 3787f88bb6d9162a47aed821d6b8db967b7d062c6f5b71ba750d49c86d3ae376  /var/www/shell/seguranca/integridade_v3.sh
[REMOVIDO] 7f176e4b3384da79a743650cc6095cf9f1ae7d08bbdf58f5f991affc323a3f7b  /var/www/shell/seguranca/seg_v2.log
[NOVO/ALTERADO] 52c935e3a136ff75a5f73f53eef5f82828380a9f9c3909b75bc7effba95a767c  /var/www/shell/seguranca/seg_v2.log
[REMOVIDO] 3fd4b7fe1c2e1d00f53cd4193251dc9d3bed8e54165ac920d823ebc74f4efc0b  /var/www/shell/seguranca/hashes_anterior.txt
[REMOVIDO] 3be54dd992acd6b1cd114f5efea3b4279f94c6f2d9fefc7259f74b4c6c463fa6  /var/www/shell/seguranca/hashes_atual.txt
[NOVO/ALTERADO] 135e86167d1d8d9e16ff8595245388d813aef752dee3ac1c71542f99003db0dc  /var/www/shell/seguranca/hashes_anterior.txt
[NOVO/ALTERADO] 43444a17cf19c31b4e4125c2056c7191c17cebd46aaa155d58e10f793f12991c  /var/www/shell/seguranca/hashes_atual.txt
[REMOVIDO] 3787f88bb6d9162a47aed821d6b8db967b7d062c6f5b71ba750d49c86d3ae376  /var/www/shell/seguranca/integridade_v3.sh
[NOVO/ALTERADO] edeb239dea342a6f2511b99a12089cd8e38722ae6175bee73beedc2cab6a3b66  /var/www/shell/seguranca/integridade_v3.sh
[REMOVIDO] 52c935e3a136ff75a5f73f53eef5f82828380a9f9c3909b75bc7effba95a767c  /var/www/shell/seguranca/seg_v2.log
[NOVO/ALTERADO] 02202be753c114e3eb36164f15a0e64907e32438ccfb35d8170a19d425ba1c1f  /var/www/shell/seguranca/seg_v2.log
[REMOVIDO] 135e86167d1d8d9e16ff8595245388d813aef752dee3ac1c71542f99003db0dc  /var/www/shell/seguranca/hashes_anterior.txt
[REMOVIDO] 43444a17cf19c31b4e4125c2056c7191c17cebd46aaa155d58e10f793f12991c  /var/www/shell/seguranca/hashes_atual.txt
[NOVO/ALTERADO] bd1132409b114b8ef431b73f53d060a06dd020d50246f8a4a730cb023ad1cd85  /var/www/shell/seguranca/hashes_anterior.txt
[NOVO/ALTERADO] 84379b6a0fc7cb52651011232cb376bd4990c966d817f54f58dcd3599a9d6969  /var/www/shell/seguranca/hashes_atual.txt
[REMOVIDO] edeb239dea342a6f2511b99a12089cd8e38722ae6175bee73beedc2cab6a3b66  /var/www/shell/seguranca/integridade_v3.sh
[NOVO/ALTERADO] ae642647222e46063e9838050b28c4c39b5d82f6c8d513661a26cfeb64f2defa  /var/www/shell/seguranca/integridade_v3.sh
[REMOVIDO] 02202be753c114e3eb36164f15a0e64907e32438ccfb35d8170a19d425ba1c1f  /var/www/shell/seguranca/seg_v2.log
[NOVO/ALTERADO] fdd189dafa60a74454cf32d89df135f0ec04f2bbcd97d3bb9e67c267c3c6101c  /var/www/shell/seguranca/seg_v2.log
[REMOVIDO] bd1132409b114b8ef431b73f53d060a06dd020d50246f8a4a730cb023ad1cd85  /var/www/shell/seguranca/hashes_anterior.txt
[REMOVIDO]     bd1132409b114b8ef431b73f53d060a06dd020d50246f8a4a730cb023ad1cd85  /var/www/shell/seguranca/hashes_anterior.txt
[REMOVIDO] 84379b6a0fc7cb52651011232cb376bd4990c966d817f54f58dcd3599a9d6969  /var/www/shell/seguranca/hashes_atual.txt
[REMOVIDO]     84379b6a0fc7cb52651011232cb376bd4990c966d817f54f58dcd3599a9d6969  /var/www/shell/seguranca/hashes_atual.txt
[NOVO/ALTERADO] 0db69fa95462794ddbf76d5e59a888210f059f1b3e76bf0bbd8a4a96da7b262a  /var/www/shell/seguranca/hashes_anterior.txt
[NOVO/ALTERADO] 672505254c96e0f6316232778f4a6066405c003a5fe627f3f56a3f13ecd0eb9c  /var/www/shell/seguranca/hashes_atual.txt
[REMOVIDO] ae642647222e46063e9838050b28c4c39b5d82f6c8d513661a26cfeb64f2defa  /var/www/shell/seguranca/integridade_v3.sh
[REMOVIDO]     ae642647222e46063e9838050b28c4c39b5d82f6c8d513661a26cfeb64f2defa  /var/www/shell/seguranca/integridade_v3.sh
[NOVO/ALTERADO] eabe6cadc93ce1cc57c9cd3f01f3c4f059af910f036cb6dedd2a6309bccb57b1  /var/www/shell/seguranca/integridade_v3.sh
[REMOVIDO] fdd189dafa60a74454cf32d89df135f0ec04f2bbcd97d3bb9e67c267c3c6101c  /var/www/shell/seguranca/seg_v2.log
[REMOVIDO]     fdd189dafa60a74454cf32d89df135f0ec04f2bbcd97d3bb9e67c267c3c6101c  /var/www/shell/seguranca/seg_v2.log
[NOVO/ALTERADO] 134f795c95c8aafa9798e960a803d0800d046efd0d06c60739b93509658f5dac  /var/www/shell/seguranca/seg_v2.log
[REMOVIDO]     0db69fa95462794ddbf76d5e59a888210f059f1b3e76bf0bbd8a4a96da7b262a  /var/www/shell/seguranca/hashes_anterior.txt
[REMOVIDO]     672505254c96e0f6316232778f4a6066405c003a5fe627f3f56a3f13ecd0eb9c  /var/www/shell/seguranca/hashes_atual.txt
[NOVO/ALTERADO] 03846a01d5643fd8e5ba243e1f8615afbf44abd657cc48029ecb3135d6f42212  /var/www/shell/seguranca/hashes_anterior.txt
[NOVO/ALTERADO] 1a0a89a2b02a8dbd5257ca679d522a5f5e6564870c85199eaf4fe589589fd6db  /var/www/shell/seguranca/hashes_atual.txt
[REMOVIDO]     eabe6cadc93ce1cc57c9cd3f01f3c4f059af910f036cb6dedd2a6309bccb57b1  /var/www/shell/seguranca/integridade_v3.sh
[NOVO/ALTERADO] 615bdc93a6474699840ef5e048d272113b2e93e29441c75fdfecb7a59ff322c3  /var/www/shell/seguranca/integridade_v3.sh
[REMOVIDO]     134f795c95c8aafa9798e960a803d0800d046efd0d06c60739b93509658f5dac  /var/www/shell/seguranca/seg_v2.log
[NOVO/ALTERADO] 1e1ce47cf2e15f165d6407a1c0629385a71c5ffae71d870479b0396dd44ac1e6  /var/www/shell/seguranca/seg_v2.log
[REMOVIDO]     03846a01d5643fd8e5ba243e1f8615afbf44abd657cc48029ecb3135d6f42212  /var/www/shell/seguranca/hashes_anterior.txt
[REMOVIDO]     1a0a89a2b02a8dbd5257ca679d522a5f5e6564870c85199eaf4fe589589fd6db  /var/www/shell/seguranca/hashes_atual.txt
[NOVO/ALTERADO] 9c5c9b05763cf51bab78a1e9830864b487a41471215822f587a978cd4d3d48bd  /var/www/shell/seguranca/hashes_anterior.txt
[NOVO/ALTERADO] 9c5c9b05763cf51bab78a1e9830864b487a41471215822f587a978cd4d3d48bd  /var/www/shell/seguranca/hashes_anterior.txt
[NOVO/ALTERADO] d004af6190fd9f0cc2f6caa2fa8617e68feccbb41f33238284781a3410daa2be  /var/www/shell/seguranca/hashes_atual.txt
[NOVO/ALTERADO] d004af6190fd9f0cc2f6caa2fa8617e68feccbb41f33238284781a3410daa2be  /var/www/shell/seguranca/hashes_atual.txt
[REMOVIDO]     615bdc93a6474699840ef5e048d272113b2e93e29441c75fdfecb7a59ff322c3  /var/www/shell/seguranca/integridade_v3.sh
[NOVO/ALTERADO] 182b641ce296a322bd030bd4d3a29c79ae4b7333b6d7d3dad5568ff85c39b0ff  /var/www/shell/seguranca/integridade_v3.sh
[NOVO/ALTERADO] 182b641ce296a322bd030bd4d3a29c79ae4b7333b6d7d3dad5568ff85c39b0ff  /var/www/shell/seguranca/integridade_v3.sh
[REMOVIDO]     1e1ce47cf2e15f165d6407a1c0629385a71c5ffae71d870479b0396dd44ac1e6  /var/www/shell/seguranca/seg_v2.log
[NOVO/ALTERADO] edc022c670c39c278f5019163922ff889c3cbcdf3e1767c963dc2ea0dc74c9f4  /var/www/shell/seguranca/seg_v2.log
[NOVO/ALTERADO] edc022c670c39c278f5019163922ff889c3cbcdf3e1767c963dc2ea0dc74c9f4  /var/www/shell/seguranca/seg_v2.log
[REMOVIDO]     9c5c9b05763cf51bab78a1e9830864b487a41471215822f587a978cd4d3d48bd  /var/www/shell/seguranca/hashes_anterior.txt
[REMOVIDO]     d004af6190fd9f0cc2f6caa2fa8617e68feccbb41f33238284781a3410daa2be  /var/www/shell/seguranca/hashes_atual.txt
[NOVO/ALTERADO] efd8683ace63a188264567fb636ffb535fc92d8b83a434f8ab06e6e2bccc4118  /var/www/shell/seguranca/hashes_anterior.txt
[NOVO/ALTERADO] 92b33e281b180d5a67e7bd6a5aca2cc1843554d05d79abfc14e0048cb53fe0a0  /var/www/shell/seguranca/hashes_atual.txt
[REMOVIDO]     182b641ce296a322bd030bd4d3a29c79ae4b7333b6d7d3dad5568ff85c39b0ff  /var/www/shell/seguranca/integridade_v3.sh
[NOVO/ALTERADO] 73e63070600da33666bf5f83b4c5f03f24184e3820bee23aa52d1092fc9d0f20  /var/www/shell/seguranca/integridade_v3.sh
[REMOVIDO]     edc022c670c39c278f5019163922ff889c3cbcdf3e1767c963dc2ea0dc74c9f4  /var/www/shell/seguranca/seg_v2.log
[NOVO/ALTERADO] 2348abb7e1d0bcb01daa8af644cd02a0c572bccfec9b4a10acc5b57c6c0d6750  /var/www/shell/seguranca/seg_v2.log
[REMOVIDO] efd8683ace63a188264567fb636ffb535fc92d8b83a434f8ab06e6e2bccc4118  /var/www/shell/seguranca/hashes_anterior.txt
[REMOVIDO] 92b33e281b180d5a67e7bd6a5aca2cc1843554d05d79abfc14e0048cb53fe0a0  /var/www/shell/seguranca/hashes_atual.txt
[NOVO/ALTERADO] b027dcac2d93bdf94d4c4b3741d6d2380d23eba35eb59dc7cb4df1d4ba063dd9  /var/www/shell/seguranca/hashes_anterior.txt
[NOVO/ALTERADO] 9fca332ab929ead668bb59d38f56cc6a9f63b00c29aaf157cf03a3a2ce250a16  /var/www/shell/seguranca/hashes_atual.txt
[REMOVIDO] 73e63070600da33666bf5f83b4c5f03f24184e3820bee23aa52d1092fc9d0f20  /var/www/shell/seguranca/integridade_v3.sh
[NOVO/ALTERADO] ae642647222e46063e9838050b28c4c39b5d82f6c8d513661a26cfeb64f2defa  /var/www/shell/seguranca/integridade_v3.sh
[REMOVIDO] 2348abb7e1d0bcb01daa8af644cd02a0c572bccfec9b4a10acc5b57c6c0d6750  /var/www/shell/seguranca/seg_v2.log
[NOVO/ALTERADO] 5d3f92d4bfd4df537db57f79e7998dc4fad5543bd0e4b85ec942d9b4500b196b  /var/www/shell/seguranca/seg_v2.log
[REMOVIDO]      b027dcac2d93bdf94d4c4b3741d6d2380d23eba35eb59dc7cb4df1d4ba063dd9  /var/www/shell/seguranca/hashes_anterior.txt
[REMOVIDO] b027dcac2d93bdf94d4c4b3741d6d2380d23eba35eb59dc7cb4df1d4ba063dd9  /var/www/shell/seguranca/hashes_anterior.txt
[REMOVIDO]      9fca332ab929ead668bb59d38f56cc6a9f63b00c29aaf157cf03a3a2ce250a16  /var/www/shell/seguranca/hashes_atual.txt
[REMOVIDO] 9fca332ab929ead668bb59d38f56cc6a9f63b00c29aaf157cf03a3a2ce250a16  /var/www/shell/seguranca/hashes_atual.txt
[NOVO/ALTERADO] 630498d429953c446428d4a582df327ea7b188a6caf461aaee37e40852c2d3c4  /var/www/shell/seguranca/hashes_anterior.txt
[NOVO/ALTERADO] 630498d429953c446428d4a582df327ea7b188a6caf461aaee37e40852c2d3c4  /var/www/shell/seguranca/hashes_anterior.txt
[NOVO/ALTERADO] e39c82a87231ad73d6488ded315884f4dd16295b067de88b692edce67fcfd952  /var/www/shell/seguranca/hashes_atual.txt
[NOVO/ALTERADO] e39c82a87231ad73d6488ded315884f4dd16295b067de88b692edce67fcfd952  /var/www/shell/seguranca/hashes_atual.txt
[REMOVIDO]      ae642647222e46063e9838050b28c4c39b5d82f6c8d513661a26cfeb64f2defa  /var/www/shell/seguranca/integridade_v3.sh
[REMOVIDO] ae642647222e46063e9838050b28c4c39b5d82f6c8d513661a26cfeb64f2defa  /var/www/shell/seguranca/integridade_v3.sh
[NOVO/ALTERADO] 3658f948ccfb12298734c5831ccd07942aefff45bc6b8efa8a2036371079ca09  /var/www/shell/seguranca/integridade_v3.sh
[NOVO/ALTERADO] 3658f948ccfb12298734c5831ccd07942aefff45bc6b8efa8a2036371079ca09  /var/www/shell/seguranca/integridade_v3.sh
[REMOVIDO]      5d3f92d4bfd4df537db57f79e7998dc4fad5543bd0e4b85ec942d9b4500b196b  /var/www/shell/seguranca/seg_v2.log
[REMOVIDO] 5d3f92d4bfd4df537db57f79e7998dc4fad5543bd0e4b85ec942d9b4500b196b  /var/www/shell/seguranca/seg_v2.log
[NOVO/ALTERADO] 5dfc98c44030c13f108280ef9af350c85b77f957e218294c1a37a0c83495e8ae  /var/www/shell/seguranca/seg_v2.log
[NOVO/ALTERADO] 5dfc98c44030c13f108280ef9af350c85b77f957e218294c1a37a0c83495e8ae  /var/www/shell/seguranca/seg_v2.log
[REMOVIDO]      630498d429953c446428d4a582df327ea7b188a6caf461aaee37e40852c2d3c4  /var/www/shell/seguranca/hashes_anterior.txt
[REMOVIDO]      e39c82a87231ad73d6488ded315884f4dd16295b067de88b692edce67fcfd952  /var/www/shell/seguranca/hashes_atual.txt
[NOVO/ALTERADO] 032779ef30bc0e3934cc51db9f9135bee664acb7d9180ee86e5a0f56eebc4b24  /var/www/shell/seguranca/hashes_anterior.txt
[NOVO/ALTERADO] 50d6403afafebfc7d9dea380204a04dfa96d96e49ed7285097e5433f99ece4b2  /var/www/shell/seguranca/hashes_atual.txt
[REMOVIDO]      3658f948ccfb12298734c5831ccd07942aefff45bc6b8efa8a2036371079ca09  /var/www/shell/seguranca/integridade_v3.sh
[NOVO/ALTERADO] eb4c6ee0699ce5779fbe76370e70ac8c38b508b607766e457e8d2443d1da7c7e  /var/www/shell/seguranca/integridade_v3.sh
[REMOVIDO]      5dfc98c44030c13f108280ef9af350c85b77f957e218294c1a37a0c83495e8ae  /var/www/shell/seguranca/seg_v2.log
[NOVO/ALTERADO] 690868d89423015dacf0a9aabc1f4e26ec14aa0c9507de57ba53a422ed6a4cd0  /var/www/shell/seguranca/seg_v2.log
[REMOVIDO] 15f316ec7514f84a21a53f527401a80d3958fde89f0b9b7886675b7a82eb4a11  /var/www/shell/readme.txt
[NOVO/ALTERADO] 8a33a2f75f14e7748eeaff1aa3ff12d13f796ac171c0fcc4441bbec6dda066ef  /var/www/shell/readme.txt
[REMOVIDO] 032779ef30bc0e3934cc51db9f9135bee664acb7d9180ee86e5a0f56eebc4b24  /var/www/shell/seguranca/hashes_anterior.txt
[REMOVIDO] 50d6403afafebfc7d9dea380204a04dfa96d96e49ed7285097e5433f99ece4b2  /var/www/shell/seguranca/hashes_atual.txt
[NOVO/ALTERADO] 89e3036c31eb6dd727201206b640b37b7248df7d0c981138fb640b269bb68cd5  /var/www/shell/seguranca/hashes_anterior.txt
[NOVO/ALTERADO] ee3ba377df99727207aeb3a5680c2a336fa7a4f7e1ed1eea0036b7ec570ed7e4  /var/www/shell/seguranca/hashes_atual.txt
[REMOVIDO] eb4c6ee0699ce5779fbe76370e70ac8c38b508b607766e457e8d2443d1da7c7e  /var/www/shell/seguranca/integridade_v3.sh
[NOVO/ALTERADO] ae642647222e46063e9838050b28c4c39b5d82f6c8d513661a26cfeb64f2defa  /var/www/shell/seguranca/integridade_v3.sh
[REMOVIDO] 690868d89423015dacf0a9aabc1f4e26ec14aa0c9507de57ba53a422ed6a4cd0  /var/www/shell/seguranca/seg_v2.log
[NOVO/ALTERADO] 42fbf5d414444d347a45368e82ac341342121a2affeaf22087bc3d1f59102cc2  /var/www/shell/seguranca/seg_v2.log
